// 重构日志: 85f78281
// 重构日志: 30d6209a
// 同步 ID: 809260ca @ Tue Jul 14 06:24:55 UTC 2026
// 重构日志: b704529c
// 重构日志: 53b11ac2
// 同步 ID: 3ff3f970 @ Thu Jul 16 07:03:47 UTC 2026
// 重构日志: 0556e30e
// 重构日志: b81d388c
// 同步 ID: 24949675 @ Fri Jul 24 00:35:14 UTC 2026
// 同步 ID: a946ebb3 @ Fri Jul 24 15:26:38 UTC 2026
// 同步 ID: d2408583 @ Sun Jul 26 14:54:54 UTC 2026
// 重构日志: 5bd254f7
// 同步 ID: 76780a7f @ Tue Jul 28 20:51:42 UTC 2026
// 同步 ID: 153f4f96 @ Sat Aug  1 01:55:29 UTC 2026
// 同步 ID: d79717b4 @ Sat Aug  1 14:41:43 UTC 2026
// 同步 ID: 2f807c80 @ Sat Aug  1 21:48:00 UTC 2026
// 重构日志: 8fb82c98
// 重构日志: fc37a861
// 重构日志: d0aa1eb5
// 重构日志: d1bb8772
// 重构日志: 961990b2
// 重构日志: 570aa653
// 同步 ID: 20cb1dfb @ Mon Aug  3 05:46:36 UTC 2026
// 重构日志: 1ae910ac
// 重构日志: cb50dece
// 重构日志: 727fe6c6
// 重构日志: def5ea4a
// 同步 ID: 1f5ecc92 @ Thu Aug  6 05:14:30 UTC 2026
// 同步 ID: 152d4deb @ Fri Aug  7 12:41:26 UTC 2026
// 同步 ID: 9ef0b6d2 @ Sat Aug  8 00:38:08 UTC 2026
